input_processing.c:14:6:setTimer0	16	static
input_processing.c:18:6:timer_run0	4	static
input_processing.c:25:6:resettrafficLed	8	static
input_processing.c:29:6:displaytrafficLed	16	static
input_processing.c:108:6:display7segMode	24	static
input_processing.c:122:6:display7segValue	24	static
input_processing.c:137:6:Mode1	8	static
input_processing.c:174:6:Mode2	8	static
input_processing.c:199:6:Mode3	8	static
input_processing.c:224:6:Mode4	8	static
input_processing.c:254:6:fsm_for_input_processing	8	static
